GitHub Actions - último diagnóstico de falha
===========================================
run_id=32378454480
run_attempt=1
commit=bfccc029244f038a0a3e6b2fdb8f25a827343106
image=aclemons/slackware:15.0
jobs=2

Filesystem      Size  Used Avail Use% Mounted on
/dev/root       145G   39G  106G  27% /

4.0K	.kernel-build


==== Ambiente Slackware 15.0 ====
Slackware 15.0
Arquitetura: x86_64
Jobs: 2
Filesystem      Size  Used Avail Use% Mounted on
overlay         145G   48G   98G  33% /
/dev/root       145G   48G   98G  33% /work

==== Bootstrap TLS seguro ====
Bootstrap TLS OK usando /bootstrap/ca-certificates.crt

==== Preparando slackpkg para ambiente não interativo ====

Updating the package lists...
	Downloading...
			Downloading https://mirrors.kernel.org/slackware/slackware64-15.0/CHECKSUMS.md5.asc...
--2026-08-20 14:34:45--  https://mirrors.kernel.org/slackware/slackware64-15.0/CHECKSUMS.md5.asc
Resolving mirrors.kernel.org (mirrors.kernel.org)... 142.0.200.124, 2605:f480:58:1:0:1994:3:14
Connecting to mirrors.kernel.org (mirrors.kernel.org)|142.0.200.124|:443... connected.
HTTP request sent, awaiting response... 200 OK
Length: 232 [text/plain]
Saving to: '/tmp/slackpkg.Py7yM6/CHECKSUMS.md5.asc'

     0K                                                       100%  422M=0s

2026-08-20 14:34:45 (422 MB/s) - '/tmp/slackpkg.Py7yM6/CHECKSUMS.md5.asc' saved [232/232]


		No changes in ChangeLog.txt between your last update and now.
		Do you really want to download all other files (y/N)? y

	Downloading...
			Downloading https://mirrors.kernel.org/slackware/slackware64-15.0/ChangeLog.txt...
--2026-08-20 14:34:45--  https://mirrors.kernel.org/slackware/slackware64-15.0/ChangeLog.txt
Resolving mirrors.kernel.org (mirrors.kernel.org)... 142.0.200.124, 2605:f480:58:1:0:1994:3:14
Connecting to mirrors.kernel.org (mirrors.kernel.org)|142.0.200.124|:443... connected.
HTTP request sent, awaiting response... 200 OK
Length: 2393462 (2.3M) [text/plain]
Saving to: '/tmp/slackpkg.Py7yM6/ChangeLog.txt'

     0K .......... .......... .......... .......... ..........  2% 3.61M 1s
    50K .......... .......... .......... .......... ..........  4% 3.61M 1s
   100K .......... .......... .......... .......... ..........  6%  295M 0s
   150K .......... .......... .......... .......... ..........  8% 3.62M 0s
   200K .......... .......... .......... .......... .......... 10%  276M 0s
   250K .......... .......... .......... .......... .......... 12% 3.68M 0s
   300K .......... .......... .......... .......... .......... 14%  191M 0s
   350K .......... .......... .......... .......... .......... 17% 6.06M 0s
   400K .......... .......... .......... .......... .......... 19% 9.71M 0s
   450K .......... .......... .......... .......... .......... 21%  110M 0s
   500K .......... .......... .......... .......... .......... 23%  206M 0s
   550K .......... .......... .......... .......... .......... 25% 3.87M 0s
   600K .......... .......... .......... .......... .......... 27%  148M 0s
   650K .......... .......... .......... .......... .......... 29%  301M 0s
   700K .......... .......... .......... .......... .......... 32%  347M 0s
   750K .......... .......... .......... .......... .......... 34%  109M 0s
   800K .......... .......... .......... .......... .......... 36% 3.91M 0s
   850K .......... .......... .......... .......... .......... 38%  191M 0s
   900K .......... .......... .......... .......... .......... 40%  431M 0s
   950K .......... .......... .......... .......... .......... 42%  218M 0s
  1000K .......... .......... .......... .......... .......... 44%  469M 0s
  1050K .......... .......... .......... .......... .......... 47%  136M 0s
  1100K .......... .......... .......... .......... .......... 49% 3.85M 0s
  1150K .......... .......... .......... .......... .......... 51%  309M 0s
  1200K .......... .......... .......... .......... .......... 53%  414M 0s
  1250K .......... .......... .......... .......... .......... 55%  433M 0s
  1300K .......... .......... .......... .......... .......... 57%  453M 0s
  1350K .......... .......... .......... .......... .......... 59%  633M 0s
  1400K .......... .......... .......... .......... .......... 62%  628M 0s
  1450K .......... .......... .......... .......... .......... 64%  348M 0s
  1500K .......... .......... .......... .......... .......... 66%  198M 0s
  1550K .......... .......... .......... .......... .......... 68%  419M 0s
  1600K .......... .......... .......... .......... .......... 70% 3.87M 0s
  1650K .......... .......... .......... .......... .......... 72%  393M 0s
  1700K .......... .......... .......... .......... .......... 74%  500M 0s
  1750K .......... .......... .......... .......... .......... 77%  250M 0s
  1800K .......... .......... .......... .......... .......... 79%  315M 0s
  1850K .......... .......... .......... .......... .......... 81%  348M 0s
  1900K .......... .......... .......... .......... .......... 83%  505M 0s
  1950K .......... .......... .......... .......... .......... 85%  236M 0s
  2000K .......... .......... .......... .......... .......... 87%  344M 0s
  2050K .......... .......... .......... .......... .......... 89% 3.94M 0s
  2100K .......... .......... .......... .......... .......... 91%  323M 0s
  2150K .......... .......... .......... .......... .......... 94%  344M 0s
  2200K .......... .......... .......... .......... .......... 96%  189M 0s
  2250K .......... .......... .......... .......... .......... 98%  507M 0s
  2300K .......... .......... .......... .......              100%  509M=0.1s

2026-08-20 14:34:45 (16.8 MB/s) - '/tmp/slackpkg.Py7yM6/ChangeLog.txt' saved [2393462/2393462]

		List of all files
			Downloading https://mirrors.kernel.org/slackware/slackware64-15.0/patches/MANIFEST.bz2...
--2026-08-20 14:34:45--  https://mirrors.kernel.org/slackware/slackware64-15.0/patches/MANIFEST.bz2
Resolving mirrors.kernel.org (mirrors.kernel.org)... 142.0.200.124, 2605:f480:58:1:0:1994:3:14
Connecting to mirrors.kernel.org (mirrors.kernel.org)|142.0.200.124|:443... connected.
HTTP request sent, awaiting response... 200 OK
Length: 17423029 (17M) [application/x-bzip2]
Saving to: '/tmp/slackpkg.Py7yM6/patches-MANIFEST.bz2'

     0K .......... .......... .......... .......... ..........  0% 3.52M 5s
    50K .......... .......... .......... .......... ..........  0% 3.48M 5s
   100K .......... .......... .......... .......... ..........  0%  448M 3s
   150K .......... .......... .......... .......... ..........  1% 3.55M 4s
   200K .......... .......... .......... .......... ..........  1% 3.52M 4s
   250K .......... .......... .......... .......... ..........  1%  342M 3s
   300K .......... .......... .......... .......... ..........  2% 3.57M 3s
   350K .......... .......... .......... .......... ..........  2%  179M 3s
   400K .......... .......... .......... .......... ..........  2% 3.58M 3s
   450K .......... .......... .......... .......... ..........  2%  232M 3s
   500K .......... .......... .......... .......... ..........  3%  318M 3s
   550K .......... .......... .......... .......... ..........  3% 3.61M 3s
   600K .......... .......... .......... .......... ..........  3%  178M 2s
   650K .......... .......... .......... .......... ..........  4% 3.67M 3s
   700K .......... .......... .......... .......... ..........  4%  370M 2s
   750K .......... .......... .......... .......... ..........  4%  201M 2s
   800K .......... .......... .......... .......... ..........  4%  474M 2s
   850K .......... .......... .......... .......... ..........  5%  322M 2s
   900K .......... .......... .......... .......... ..........  5%  422M 2s
   950K .......... .......... .......... .......... ..........  5% 3.68M 2s
  1000K .......... .......... .......... .......... ..........  6%  420M 2s
  1050K .......... .......... .......... .......... ..........  6%  464M 2s
  1100K .......... .......... .......... .......... ..........  6%  312M 2s
  1150K .......... .......... .......... .......... ..........  7%  163M 2s
  1200K .......... .......... .......... .......... ..........  7% 3.79M 2s
  1250K .......... .......... .......... .......... ..........  7%  199M 2s
  1300K .......... .......... .......... .......... ..........  7%  176M 2s
  1350K .......... .......... .......... .......... ..........  8%  236M 2s
  1400K .......... .......... .......... .......... ..........  8%  331M 1s
  1450K .......... .......... .......... .......... ..........  8%  636M 1s
  1500K .......... .......... .......... .......... ..........  9%  842M 1s
  1550K .......... .......... .......... .......... ..........  9%  438M 1s
  1600K .......... .......... .......... .......... ..........  9%  183M 1s
  1650K .......... .......... .......... .......... ..........  9% 3.85M 1s
  1700K .......... .......... .......... .......... .......... 10%  844M 1s
  1750K .......... .......... .......... .......... .......... 10% 72.8K 7s
  1800K .......... .......... .......... .......... .......... 10%  425M 7s
  1850K .......... .......... .......... .......... .......... 11% 3.61M 7s
  1900K .......... .......... .......... .......... .......... 11%  120M 7s
  1950K .......... .......... .......... .......... .......... 11%  294M 6s
  2000K .......... .......... .......... .......... .......... 12%  374M 6s
  2050K .......... .......... .......... .......... .......... 12%  579M 6s
  2100K .......... .......... .......... .......... .......... 12%  530M 6s
  2150K .......... .......... .......... .......... .......... 12% 3.68M 6s
  2200K .......... .......... .......... .......... .......... 13%  221M 6s
  2250K .......... .......... .......... .......... .......... 13%  183M 6s
  2300K .......... .......... .......... .......... .......... 13%  360M 5s
  2350K .......... .......... .......... .......... .......... 14%  339M 5s
  2400K .......... .......... .......... .......... .......... 14%  484M 5s
  2450K .......... .......... .......... .......... .......... 14%  460M 5s
  2500K .......... .......... .......... .......... .......... 14%  801M 5s
  2550K .......... .......... .......... .......... .......... 15%  864M 5s
  2600K .......... .......... .......... .......... .......... 15%  853M 5s
  2650K .......... .......... .......... .......... .......... 15% 3.83M 5s
  2700K .......... .......... .......... .......... .......... 16%  364M 5s
  2750K .......... .......... .......... .......... .......... 16%  148M 4s
  2800K .......... .......... .......... .......... .......... 16%  318M 4s
  2850K .......... .......... .......... .......... .......... 17%  519M 4s
  2900K .......... .......... .......... .......... .......... 17%  725M 4s
  2950K .......... .......... .......... .......... .......... 17%  352M 4s
  3000K .......... .......... .......... .......... .......... 17%  626M 4s
  3050K .......... .......... .......... .......... .......... 18%  539M 4s
  3100K .......... .......... .......... .......... .......... 18% 3.79M 4s
  3150K .......... .......... .......... .......... .......... 18%  177M 4s
  3200K .......... .......... .......... .......... .......... 19%  179M 4s
  3250K .......... .......... .......... .......... .......... 19%  196M 4s
  3300K .......... .......... .......... .......... .......... 19%  253M 4s
  3350K .......... .......... .......... .......... .......... 19%  508M 4s
  3400K .......... .......... .......... .......... .......... 20%  610M 4s
  3450K .......... .......... .......... .......... .......... 20%  653M 3s
  3500K .......... .......... .......... .......... .......... 20%  459M 3s
  3550K .......... .......... .......... .......... .......... 21%  473M 3s
  3600K .......... .......... .......... .......... .......... 21%  626M 3s
  3650K .......... .......... .......... .......... .......... 21%  679M 3s
  3700K .......... .......... .......... .......... .......... 22%  672M 3s
  3750K .......... .......... .......... .......... .......... 22% 3.02K 61s
  3800K .......... .......... .......... .......... .......... 22% 3.49M 60s
  3850K .......... .......... .......... .......... .......... 22% 3.51M 59s
  3900K .......... .......... .......... .......... .......... 23%  750M 58s
  3950K .......... .......... .......... .......... .......... 23% 3.59M 57s
  4000K .......... .......... .......... .......... .......... 23%  146M 56s
  4050K .......... .......... .......... .......... .......... 24%  552M 55s
  4100K .......... .......... .......... .......... .......... 24%  629M 54s
  4150K .......... .......... .......... .......... .......... 24%  487M 53s
  4200K .......... .......... .......... .......... .......... 24% 3.70M 53s
  4250K .......... .......... .......... .......... .......... 25%  213M 52s
  4300K .......... .......... .......... .......... .......... 25%  172M 51s
  4350K .......... .......... .......... .......... .......... 25%  315M 50s
  4400K .......... .......... .......... .......... .......... 26%  342M 49s
  4450K .......... .......... .......... .......... .......... 26%  595M 49s
  4500K .......... .......... .......... .......... .......... 26%  856M 48s
  4550K .......... .......... .......... .......... .......... 27%  931M 47s
  4600K .......... .......... .......... .......... .......... 27%  890M 47s
  4650K .......... .......... .......... .......... .......... 27% 3.82M 46s
  4700K .......... .......... .......... .......... .......... 27%  142M 45s
  4750K .......... .......... .......... .......... .......... 28%  113M 45s
  4800K .......... .......... .......... .......... .......... 28%  350M 44s
  4850K .......... .......... .......... .......... .......... 28%  368M 43s
  4900K .......... .......... .......... .......... .......... 29%  396M 43s
  4950K .......... .......... .......... .......... .......... 29%  378M 42s
  5000K .......... .......... .......... .......... .......... 29%  372M 42s
  5050K .......... .......... .......... .......... .......... 29%  579M 41s
  5100K .......... .......... .......... .......... .......... 30%  768M 40s
  5150K .......... .......... .......... .......... .......... 30%  699M 40s
  5200K .......... .......... .......... .......... .......... 30%  883M 39s
  5250K .......... .......... .......... .......... .......... 31%  806M 39s
  5300K .......... .......... .......... .......... .......... 31%  928M 38s
  5350K .......... .......... .......... .......... .......... 31%  897M 38s
  5400K .......... .......... .......... .......... .......... 32%  910M 37s
  5450K .......... .......... .......... .......... .......... 32%  931M 37s
  5500K .......... .......... .......... .......... .......... 32% 4.16M 36s
  5550K .......... .......... .......... .......... .......... 32% 89.5M 36s
  5600K .......... .......... .......... .......... .......... 33%  218M 35s
  5650K .......... .......... .......... .......... .......... 33%  150M 35s
  5700K .......... .......... .......... .......... .......... 33%  263M 34s
  5750K .......... .......... .......... .......... .......... 34%  363M 34s
  5800K .......... .......... .......... .......... .......... 34%  436M 33s
  5850K .......... .......... .......... .......... .......... 34%  459M 33s
  5900K .......... .......... .......... .......... .......... 34%  593M 33s
  5950K .......... .......... .......... .......... .......... 35%  560M 32s
  6000K .......... .......... .......... .......... .......... 35%  673M 32s
  6050K .......... .......... .......... .......... .......... 35%  911M 31s
  6100K .......... .......... .......... .......... .......... 36%  843M 31s
  6150K .......... .......... .......... .......... .......... 36%  886M 31s
  6200K .......... .......... .......... .......... .......... 36%  376M 30s
  6250K .......... .......... .......... .......... .......... 37%  397M 30s
  6300K .......... .......... .......... .......... .......... 37%  428M 29s
  6350K .......... .......... .......... .......... .......... 37%  665M 29s
  6400K .......... .......... .......... .......... .......... 37%  930M 29s
  6450K .......... .......... .......... .......... .......... 38% 78.4K 29s
  6500K .......... .......... .......... .......... .......... 38%  137M 29s
  6550K .......... .......... .......... .......... .......... 38%  406M 29s
  6600K .......... .......... .......... .......... .......... 39%  134M 28s
  6650K .......... .......... .......... .......... .......... 39%  200M 28s
  6700K .......... .......... .......... .......... .......... 39%  535M 28s
  6750K .......... .......... .......... .......... .......... 39%  575M 27s
  6800K .......... .......... .......... .......... .......... 40%  495M 27s
  6850K .......... .......... .......... .......... .......... 40%  672M 27s
  6900K .......... .......... .......... .......... .......... 40%  580M 26s
  6950K .......... .......... .......... .......... .......... 41%  629M 26s
  7000K .......... .......... .......... .......... .......... 41%  737M 26s
  7050K .......... .......... .......... .......... .......... 41%  870M 25s
  7100K .......... .......... .......... .......... .......... 42%  866M 25s
  7150K .......... .......... .......... .......... .......... 42% 4.07M 25s
  7200K .......... .......... .......... .......... .......... 42%  374M 25s
  7250K .......... .......... .......... .......... .......... 42%  346M 24s
  7300K .......... .......... .......... .......... .......... 43%  329M 24s
  7350K .......... .......... .......... .......... .......... 43%  579M 24s
  7400K .......... .......... .......... .......... .......... 43%  577M 23s
  7450K .......... .......... .......... .......... .......... 44%  478M 23s
  7500K .......... .......... .......... .......... .......... 44%  221M 23s
  7550K .......... .......... .......... .......... .......... 44%  422M 23s
  7600K .......... .......... .......... .......... .......... 44%  606M 22s
  7650K .......... .......... .......... .......... .......... 45%  531M 22s
  7700K .......... .......... .......... .......... .......... 45%  627M 22s
  7750K .......... .......... .......... .......... .......... 45%  577M 21s
  7800K .......... .......... .......... .......... .......... 46%  534M 21s
  7850K .......... .......... .......... .......... .......... 46%  587M 21s
  7900K .......... .......... .......... .......... .......... 46%  574M 21s
  7950K .......... .......... .......... .......... .......... 47%  414M 21s
  8000K .......... .......... .......... .......... .......... 47%  551M 20s
  8050K .......... .......... .......... .......... .......... 47%  590M 20s
  8100K .......... .......... .......... .......... .......... 47%  646M 20s
  8150K .......... .......... .......... .......... .......... 48%  621M 20s
  8200K .......... .......... .......... .......... .......... 48%  616M 19s
  8250K .......... .......... .......... .......... .......... 48%  609M 19s
  8300K .......... .......... .......... .......... .......... 49%  616M 19s
  8350K .......... .......... .......... .......... .......... 49%  466M 19s
  8400K .......... .......... .......... .......... .......... 49%  614M 18s
  8450K .......... .......... .......... .......... .......... 49%  586M 18s
  8500K .......... .......... .......... .......... .......... 50% 4.35M 18s
  8550K .......... .......... .......... .......... .......... 50%  329M 18s
  8600K .......... .......... .......... .......... .......... 50%  654M 18s
  8650K .......... .......... .......... .......... .......... 51%  449M 17s
  8700K .......... .......... .......... .......... .......... 51%  399M 17s
  8750K .......... .......... .......... .......... .......... 51%  346M 17s
  8800K .......... .......... .......... .......... .......... 52%  677M 17s
  8850K .......... .......... .......... .......... .......... 52%  602M 17s
  8900K .......... .......... .......... .......... .......... 52%  620M 16s
  8950K .......... .......... .......... .......... .......... 52%  591M 16s
  9000K .......... .......... .......... .......... .......... 53%  436M 16s
  9050K .......... .......... .......... .......... .......... 53%  639M 16s
  9100K .......... .......... .......... .......... .......... 53%  594M 16s
  9150K .......... .......... .......... .......... .......... 54%  380M 15s
  9200K .......... .......... .......... .......... .......... 54%  630M 15s
  9250K .......... .......... .......... .......... .......... 54%  515M 15s
  9300K .......... .......... .......... .......... .......... 54%  495M 15s
  9350K .......... .......... .......... .......... .......... 55%  487M 15s
  9400K .......... .......... .......... .......... .......... 55%  606M 15s
  9450K .......... .......... .......... .......... .......... 55%  567M 14s
  9500K .......... .......... .......... .......... .......... 56%  517M 14s
  9550K .......... .......... .......... .......... .......... 56%  452M 14s
  9600K .......... .......... .......... .......... .......... 56%  557M 14s
  9650K .......... .......... .......... .......... .......... 57%  574M 14s
  9700K .......... .......... .......... .......... .......... 57%  663M 14s
  9750K .......... .......... .......... .......... .......... 57%  621M 13s
  9800K .......... .......... .......... .......... .......... 57%  901M 13s
  9850K .......... .......... .......... .......... .......... 58%  935M 13s
  9900K .......... .......... .......... .......... .......... 58% 40.2K 14s
  9950K .......... .......... .......... .......... .......... 58%  408M 14s
 10000K .......... .......... .......... .......... .......... 59% 3.57M 13s
 10050K .......... .......... .......... .......... .......... 59%  345M 13s
 10100K .......... .......... .......... .......... .......... 59%  519M 13s
 10150K .......... .......... .......... .......... .......... 59%  569M 13s
 10200K .......... .......... .......... .......... .......... 60%  431M 13s
 10250K .......... .......... .......... .......... .......... 60% 3.67M 13s
 10300K .......... .......... .......... .......... .......... 60%  386M 13s
 10350K .......... .......... .......... .......... .......... 61%  294M 12s
 10400K .......... .......... .......... .......... .......... 61%  583M 12s
 10450K .......... .......... .......... .......... .......... 61%  551M 12s
 10500K .......... .......... .......... .......... .......... 62%  450M 12s
 10550K .......... .......... .......... .......... .......... 62%  424M 12s
 10600K .......... .......... .......... .......... .......... 62%  344M 12s
 10650K .......... .......... .......... .......... .......... 62%  510M 11s
 10700K .......... .......... .......... .......... .......... 63%  463M 11s
 10750K .......... .......... .......... .......... .......... 63% 3.80M 11s
 10800K .......... .......... .......... .......... .......... 63%  283M 11s
 10850K .......... .......... .......... .......... .......... 64%  582M 11s
 10900K .......... .......... .......... .......... .......... 64%  625M 11s
 10950K .......... .......... .......... .......... .......... 64%  479M 11s
 11000K .......... .......... .......... .......... .......... 64%  523M 11s
 11050K .......... .......... .......... .......... .......... 65%  424M 10s
 11100K .......... .......... .......... .......... .......... 65%  433M 10s
 11150K .......... .......... .......... .......... .......... 65%  266M 10s
 11200K .......... .......... .......... .......... .......... 66%  395M 10s
 11250K .......... .......... .......... .......... .......... 66%  397M 10s
 11300K .......... .......... .......... .......... .......... 66%  614M 10s
 11350K .......... .......... .......... .......... .......... 67%  468M 10s
 11400K .......... .......... .......... .......... .......... 67%  384M 9s
 11450K .......... .......... .......... .......... .......... 67%  450M 9s
 11500K .......... .......... .......... .......... .......... 67%  466M 9s
 11550K .......... .......... .......... .......... .......... 68%  356M 9s
 11600K .......... .......... .......... .......... .......... 68%  578M 9s
 11650K .......... .......... .......... .......... .......... 68%  650M 9s
 11700K .......... .......... .......... .......... .......... 69%  634M 9s
 11750K .......... .......... .......... .......... .......... 69%  377M 9s
 11800K .......... .......... .......... .......... .......... 69% 4.18M 9s
 11850K .......... .......... .......... .......... .......... 69%  338M 8s
 11900K .......... .......... .......... .......... .......... 70%  370M 8s
 11950K .......... .......... .......... .......... .......... 70%  335M 8s
 12000K .......... .......... .......... .......... .......... 70%  541M 8s
 12050K .......... .......... .......... .......... .......... 71%  566M 8s
 12100K .......... .......... .......... .......... .......... 71%  601M 8s
 12150K .......... .......... .......... .......... .......... 71%  639M 8s
 12200K .......... .......... .......... .......... .......... 71%  613M 8s
 12250K .......... .......... .......... .......... .......... 72%  614M 7s
 12300K .......... .......... .......... .......... .......... 72%  512M 7s
 12350K .......... .......... .......... .......... .......... 72%  253M 7s
 12400K .......... .......... .......... .......... .......... 73%  522M 7s
 12450K .......... .......... .......... .......... .......... 73%  498M 7s
 12500K .......... .......... .......... .......... .......... 73%  538M 7s
 12550K .......... .......... .......... .......... .......... 74%  603M 7s
 12600K .......... .......... .......... .......... .......... 74%  572M 7s
 12650K .......... .......... .......... .......... .......... 74%  605M 7s
 12700K .......... .......... .......... .......... .......... 74%  610M 7s
 12750K .......... .......... .......... .......... .......... 75%  499M 6s
 12800K .......... .......... .......... .......... .......... 75%  629M 6s
 12850K .......... .......... .......... .......... .......... 75%  628M 6s
 12900K .......... .......... .......... .......... .......... 76%  514M 6s
 12950K .......... .......... .......... .......... .......... 76%  388M 6s
 13000K .......... .......... .......... .......... .......... 76%  344M 6s
 13050K .......... .......... .......... .......... .......... 76%  470M 6s
 13100K .......... .......... .......... .......... .......... 77%  475M 6s
 13150K .......... .......... .......... .......... .......... 77%  379M 6s
 13200K .......... .......... .......... .......... .......... 77%  567M 6s
 13250K .......... .......... .......... .......... .......... 78%  555M 5s
 13300K .......... .......... .......... .......... .......... 78%  559M 5s
 13350K .......... .......... .......... .......... .......... 78%  568M 5s
 13400K .......... .......... .......... .......... .......... 79%  428M 5s
 13450K .......... .......... .......... .......... .......... 79%  235M 5s
 13500K .......... .......... .......... .......... .......... 79%  606M 5s
 13550K .......... .......... .......... .......... .......... 79%  472M 5s
 13600K .......... .......... .......... .......... .......... 80%  629M 5s
 13650K .......... .......... .......... .......... .......... 80%  668M 5s
 13700K .......... .......... .......... .......... .......... 80%  620M 5s
 13750K .......... .......... .......... .......... .......... 81%  873M 5s
 13800K .......... .......... .......... .......... .......... 81%  905M 4s
 13850K .......... .......... .......... .......... .......... 81% 4.94M 4s
 13900K .......... .......... .......... .......... .......... 81%  100K 4s
 13950K .......... .......... .......... .......... .......... 82%  287M 4s
 14000K .......... .......... .......... .......... .......... 82%  443M 4s
 14050K .......... .......... .......... .......... .......... 82%  286M 4s
 14100K .......... .......... .......... .......... .......... 83%  111M 4s
 14150K .......... .......... .......... .......... .......... 83% 74.0M 4s
 14200K .......... .......... .......... .......... .......... 83%  134M 4s
 14250K .......... .......... .......... .......... .......... 84%  185M 4s
 14300K .......... .......... .......... .......... .......... 84%  295M 4s
 14350K .......... .......... .......... .......... .......... 84%  277M 4s
 14400K .......... .......... .......... .......... .......... 84%  493M 4s
 14450K .......... .......... .......... .......... .......... 85%  465M 3s
 14500K .......... .......... .......... .......... .......... 85%  398M 3s
 14550K .......... .......... .......... .......... .......... 85%  482M 3s
 14600K .......... .......... .......... .......... .......... 86%  404M 3s
 14650K .......... .......... .......... .......... .......... 86%  458M 3s
 14700K .......... .......... .......... .......... .......... 86%  576M 3s
 14750K .......... .......... .......... .......... .......... 86%  462M 3s
 14800K .......... .......... .......... .......... .......... 87%  651M 3s
 14850K .......... .......... .......... .......... .......... 87%  690M 3s
 14900K .......... .......... .......... .......... .......... 87% 4.67M 3s
 14950K .......... .......... .......... .......... .......... 88%  159M 3s
 15000K .......... .......... .......... .......... .......... 88%  165M 3s
 15050K .......... .......... .......... .......... .......... 88%  332M 3s
 15100K .......... .......... .......... .......... .......... 89%  428M 2s
 15150K .......... .......... .......... .......... .......... 89%  303M 2s
 15200K .......... .......... .......... .......... .......... 89%  435M 2s
 15250K .......... .......... .......... .......... .......... 89%  194M 2s
 15300K .......... .......... .......... .......... .......... 90%  247M 2s
 15350K .......... .......... .......... .......... .......... 90%  323M 2s
 15400K .......... .......... .......... .......... .......... 90%  395M 2s
 15450K .......... .......... .......... .......... .......... 91%  370M 2s
 15500K .......... .......... .......... .......... .......... 91%  215M 2s
 15550K .......... .......... .......... .......... .......... 91%  106M 2s
 15600K .......... .......... .......... .......... .......... 91%  179M 2s
 15650K .......... .......... .......... .......... .......... 92%  149M 2s
 15700K .......... .......... .......... .......... .......... 92%  844M 2s
 15750K .......... .......... .......... .......... .......... 92%  859M 2s
 15800K .......... .......... .......... .......... .......... 93%  916M 1s
 15850K .......... .......... .......... .......... .......... 93%  869M 1s
 15900K .......... .......... .......... .......... .......... 93%  887M 1s
 15950K .......... .......... .......... .......... .......... 94%  628M 1s
 16000K .......... .......... .......... .......... .......... 94%  915M 1s
 16050K .......... .......... .......... .......... .......... 94%  894M 1s
 16100K .......... .......... .......... .......... .......... 94%  874M 1s
 16150K .......... .......... .......... .......... .......... 95%  917M 1s
 16200K .......... .......... .......... .......... .......... 95%  868M 1s
 16250K .......... .......... .......... .......... .......... 95%  871M 1s
 16300K .......... .......... .......... .......... .......... 96%  914M 1s
 16350K .......... .......... .......... .......... .......... 96%  665M 1s
 16400K .......... .......... .......... .......... .......... 96%  694M 1s
 16450K .......... .......... .......... .......... .......... 96%  676M 1s
 16500K .......... .......... .......... .......... .......... 97%  844M 1s
 16550K .......... .......... .......... .......... .......... 97%  867M 1s
 16600K .......... .......... .......... .......... .......... 97%  889M 0s
 16650K .......... .......... .......... .......... .......... 98%  878M 0s
 16700K .......... .......... .......... .......... .......... 98%  896M 0s
 16750K .......... .......... .......... .......... .......... 98%  657M 0s
 16800K .......... .......... .......... .......... .......... 99%  874M 0s
 16850K .......... .......... .......... .......... .......... 99%  838M 0s
 16900K .......... .......... .......... .......... .......... 99%  904M 0s
 16950K .......... .......... .......... .......... .......... 99% 5.53M 0s
 17000K .......... ....                                       100%  352M=20s

2026-08-20 14:35:05 (849 KB/s) - '/tmp/slackpkg.Py7yM6/patches-MANIFEST.bz2' saved [17423029/17423029]

			Downloading https://mirrors.kernel.org/slackware/slackware64-15.0/slackware64/MANIFEST.bz2...
--2026-08-20 14:35:05--  https://mirrors.kernel.org/slackware/slackware64-15.0/slackware64/MANIFEST.bz2
Resolving mirrors.kernel.org (mirrors.kernel.org)... 142.0.200.124, 2605:f480:58:1:0:1994:3:14
Connecting to mirrors.kernel.org (mirrors.kernel.org)|142.0.200.124|:443... connected.
HTTP request sent, awaiting response... 200 OK
Length: 4199768 (4.0M) [application/x-bzip2]
Saving to: '/tmp/slackpkg.Py7yM6/slackware64-MANIFEST.bz2'

     0K .......... .......... .......... .......... ..........  1% 3.49M 1s
    50K .......... .......... .......... .......... ..........  2% 1.81M 2s
   100K .......... .......... .......... .......... ..........  3%  448M 1s
   150K .......... .......... .......... .......... ..........  4%  381K 3s
   200K .......... .......... .......... .......... ..........  6%  261M 3s
   250K .......... .......... .......... .......... ..........  7%  467M 2s
   300K .......... .......... .......... .......... ..........  8%  331M 2s
   350K .......... .......... .......... .......... ..........  9% 3.60M 2s
   400K .......... .......... .......... .......... .......... 10%  326M 2s
   450K .......... .......... .......... .......... .......... 12%  325M 1s
   500K .......... .......... .......... .......... .......... 13% 3.62M 1s
   550K .......... .......... .......... .......... .......... 14%  504M 1s
   600K .......... .......... .......... .......... .......... 15%  563M 1s
   650K .......... .......... .......... .......... .......... 17%  340M 1s
   700K .......... .......... .......... .......... .......... 18%  290M 1s
   750K .......... .......... .......... .......... .......... 19% 3.64M 1s
   800K .......... .......... .......... .......... .......... 20%  143M 1s
   850K .......... .......... .......... .......... .......... 21%  390M 1s
   900K .......... .......... .......... .......... .......... 23%  495M 1s
   950K .......... .......... .......... .......... .......... 24% 46.6K 4s
  1000K .......... .......... .......... .......... .......... 25% 3.51M 4s
  1050K .......... .......... .......... .......... .......... 26% 3.56M 4s
  1100K .......... .......... .......... .......... .......... 28%  202M 3s
  1150K .......... .......... .......... .......... .......... 29%  400M 3s
  1200K .......... .......... .......... .......... .......... 30% 3.59M 3s
  1250K .......... .......... .......... .......... .......... 31%  177M 3s
  1300K .......... .......... .......... .......... .......... 32%  157M 3s
  1350K .......... .......... .......... .......... .......... 34%  453M 3s
  1400K .......... .......... .......... .......... .......... 35%  608M 2s
  1450K .......... .......... .......... .......... .......... 36% 3.76M 2s
  1500K .......... .......... .......... .......... .......... 37%  169M 2s
  1550K .......... .......... .......... .......... .......... 39%  207M 2s
  1600K .......... .......... .......... .......... .......... 40%  246M 2s
  1650K .......... .......... .......... .......... .......... 41%  368M 2s
  1700K .......... .......... .......... .......... .......... 42%  545M 2s
  1750K .......... .......... .......... .......... .......... 43%  671M 2s
  1800K .......... .......... .......... .......... .......... 45% 3.77M 2s
  1850K .......... .......... .......... .......... .......... 46%  343M 2s
  1900K .......... .......... .......... .......... .......... 47%  276M 1s
  1950K .......... .......... .......... .......... .......... 48%  221M 1s
  2000K .......... .......... .......... .......... .......... 49%  295M 1s
  2050K .......... .......... .......... .......... .......... 51%  604M 1s
  2100K .......... .......... .......... .......... .......... 52% 3.79M 1s
  2150K .......... .......... .......... .......... .......... 53%  153M 1s
  2200K .......... .......... .......... .......... .......... 54%  205M 1s
  2250K .......... .......... .......... .......... .......... 56%  441M 1s
  2300K .......... .......... .......... .......... .......... 57%  551M 1s
  2350K .......... .......... .......... .......... .......... 58%  458M 1s
  2400K .......... .......... .......... .......... .......... 59%  856M 1s
  2450K .......... .......... .......... .......... .......... 60%  343M 1s
  2500K .......... .......... .......... .......... .......... 62%  516M 1s
  2550K .......... .......... .......... .......... .......... 63% 3.83M 1s
  2600K .......... .......... .......... .......... .......... 64%  452M 1s
  2650K .......... .......... .......... .......... .......... 65%  491M 1s
  2700K .......... .......... .......... .......... .......... 67%  640M 1s
  2750K .......... .......... .......... .......... .......... 68%  228M 1s
  2800K .......... .......... .......... .......... .......... 69%  283M 1s
  2850K .......... .......... .......... .......... .......... 70%  275M 1s
  2900K .......... .......... .......... .......... .......... 71%  556M 1s
  2950K .......... .......... .......... .......... .......... 73%  166M 1s
  3000K .......... .......... .......... .......... .......... 74%  436M 0s
  3050K .......... .......... .......... .......... .......... 75%  387M 0s
  3100K .......... .......... .......... .......... .......... 76% 3.94M 0s
  3150K .......... .......... .......... .......... .......... 78%  494M 0s
  3200K .......... .......... .......... .......... .......... 79%  327M 0s
  3250K .......... .......... .......... .......... .......... 80%  199M 0s
  3300K .......... .......... .......... .......... .......... 81%  410M 0s
  3350K .......... .......... .......... .......... .......... 82%  503M 0s
  3400K .......... .......... .......... .......... .......... 84%  741M 0s
  3450K .......... .......... .......... .......... .......... 85%  719M 0s
  3500K .......... .......... .......... .......... .......... 86%  723M 0s
  3550K .......... .......... .......... .......... .......... 87%  608M 0s
  3600K .......... .......... .......... .......... .......... 88%  717M 0s
  3650K .......... .......... .......... .......... .......... 90%  753M 0s
  3700K .......... .......... .......... .......... .......... 91%  289M 0s
  3750K .......... .......... .......... .......... .......... 92%  529M 0s
  3800K .......... .......... .......... .......... .......... 93% 3.92M 0s
  3850K .......... .......... .......... .......... .......... 95%  307M 0s
  3900K .......... .......... .......... .......... .......... 96%  636M 0s
  3950K .......... .......... .......... .......... .......... 97%  338M 0s
  4000K .......... .......... .......... .......... .......... 98%  653M 0s
  4050K .......... .......... .......... .......... .......... 99%  612M 0s
  4100K .                                                     100% 2.49T=1.4s

2026-08-20 14:35:14 (2.83 MB/s) - '/tmp/slackpkg.Py7yM6/slackware64-MANIFEST.bz2' saved [4199768/4199768]

			Downloading https://mirrors.kernel.org/slackware/slackware64-15.0/extra/MANIFEST.bz2...
--2026-08-20 14:35:14--  https://mirrors.kernel.org/slackware/slackware64-15.0/extra/MANIFEST.bz2
Resolving mirrors.kernel.org (mirrors.kernel.org)... 142.0.200.124, 2605:f480:58:1:0:1994:3:14
Connecting to mirrors.kernel.org (mirrors.kernel.org)|142.0.200.124|:443... connected.
HTTP request sent, awaiting response... 200 OK
Length: 4516879 (4.3M) [application/x-bzip2]
Saving to: '/tmp/slackpkg.Py7yM6/extra-MANIFEST.bz2'

     0K .......... .......... .......... .......... ..........  1% 3.57M 1s
    50K .......... .......... .......... .......... ..........  2% 3.62M 1s
   100K .......... .......... .......... .......... ..........  3%  150M 1s
   150K .......... .......... .......... .......... ..........  4% 3.70M 1s
   200K .......... .......... .......... .......... ..........  5%  161M 1s
   250K .......... .......... .......... .......... ..........  6% 3.65M 1s
   300K .......... .......... .......... .......... ..........  7%  178M 1s
   350K .......... .......... .......... .......... ..........  9%  356K 2s
   400K .......... .......... .......... .......... .......... 10%  567M 2s
   450K .......... .......... .......... .......... .......... 11%  591M 2s
   500K .......... .......... .......... .......... .......... 12% 3.67M 1s
   550K .......... .......... .......... .......... .......... 13%  391M 1s
   600K .......... .......... .......... .......... .......... 14% 97.2M 1s
   650K .......... .......... .......... .......... .......... 15%  583M 1s
   700K .......... .......... .......... .......... .......... 17% 3.75M 1s
   750K .......... .......... .......... .......... .......... 18%  315M 1s
   800K .......... .......... .......... .......... .......... 19%  135M 1s
   850K .......... .......... .......... .......... .......... 20% 3.71M 1s
   900K .......... .......... .......... .......... .......... 21%  147M 1s
   950K .......... .......... .......... .......... .......... 22%  492M 1s
  1000K .......... .......... .......... .......... .......... 23%  673M 1s
  1050K .......... .......... .......... .......... .......... 24%  347M 1s
  1100K .......... .......... .......... .......... .......... 26%  291M 1s
  1150K .......... .......... .......... .......... .......... 27% 3.41M 1s
  1200K .......... .......... .......... .......... .......... 28%  543M 1s
  1250K .......... .......... .......... .......... .......... 29%  166M 1s
  1300K .......... .......... .......... .......... .......... 30%  480M 1s
  1350K .......... .......... .......... .......... .......... 31%  312M 1s
  1400K .......... .......... .......... .......... .......... 32%  763M 1s
  1450K .......... .......... .......... .......... .......... 34% 4.29M 1s
  1500K .......... .......... .......... .......... .......... 35% 26.0M 0s
  1550K .......... .......... .......... .......... .......... 36%  336M 0s
  1600K .......... .......... .......... .......... .......... 37%  557M 0s
  1650K .......... .......... .......... .......... .......... 38%  653M 0s
  1700K .......... .......... .......... .......... .......... 39%  272M 0s
  1750K .......... .......... .......... .......... .......... 40%  321M 0s
  1800K .......... .......... .......... .......... .......... 41%  468M 0s
  1850K .......... .......... .......... .......... .......... 43%  617M 0s
  1900K .......... .......... .......... .......... .......... 44% 4.37M 0s
  1950K .......... .......... .......... .......... .......... 45%  276M 0s
  2000K .......... .......... .......... .......... .......... 46% 33.1M 0s
  2050K .......... .......... .......... .......... .......... 47%  288M 0s
  2100K .......... .......... .......... .......... .......... 48%  412M 0s
  2150K .......... .......... .......... .......... .......... 49%  309M 0s
  2200K .......... .......... .......... .......... .......... 51%  699M 0s
  2250K .......... .......... .......... .......... .......... 52%  429M 0s
  2300K .......... .......... .......... .......... .......... 53%  321M 0s
  2350K .......... .......... .......... .......... .......... 54% 4.38M 0s
  2400K .......... .......... .......... .......... .......... 55%  437M 0s
  2450K .......... .......... .......... .......... .......... 56%  552M 0s
  2500K .......... .......... .......... .......... .......... 57%  557M 0s
  2550K .......... .......... .......... .......... .......... 58%  285M 0s
  2600K .......... .......... .......... .......... .......... 60%  446M 0s
  2650K .......... .......... .......... .......... .......... 61%  593M 0s
  2700K .......... .......... .......... .......... .......... 62% 47.5M 0s
  2750K .......... .......... .......... .......... .......... 63%  257M 0s
  2800K .......... .......... .......... .......... .......... 64%  389M 0s
  2850K .......... .......... .......... .......... .......... 65%  454M 0s
  2900K .......... .......... .......... .......... .......... 66%  557M 0s
  2950K .......... .......... .......... .......... .......... 68%  453M 0s
  3000K .......... .......... .......... .......... .......... 69%  449M 0s
  3050K .......... .......... .......... .......... .......... 70% 4.35M 0s
  3100K .......... .......... .......... .......... .......... 71%  556M 0s
  3150K .......... .......... .......... .......... .......... 72%  421M 0s
  3200K .......... .......... .......... .......... .......... 73%  646M 0s
  3250K .......... .......... .......... .......... .......... 74%  582M 0s
  3300K .......... .......... .......... .......... .......... 75%  199M 0s
  3350K .......... .......... .......... .......... .......... 77% 52.1M 0s
  3400K .......... .......... .......... .......... .......... 78%  255M 0s
  3450K .......... .......... .......... .......... .......... 79%  484M 0s
  3500K .......... .......... .......... .......... .......... 80%  348M 0s
  3550K .......... .......... .......... .......... .......... 81%  352M 0s
  3600K .......... .......... .......... .......... .......... 82%  416M 0s
  3650K .......... .......... .......... .......... .......... 83%  736M 0s
  3700K .......... .......... .......... .......... .......... 85%  817M 0s
  3750K .......... .......... .......... .......... .......... 86%  155M 0s
  3800K .......... .......... .......... .......... .......... 87%  476M 0s
  3850K .......... .......... .......... .......... .......... 88% 4.54M 0s
  3900K .......... .......... .......... .......... .......... 89%  149M 0s
  3950K .......... .......... .......... .......... .......... 90%  370M 0s
  4000K .......... .......... .......... .......... .......... 91%  491M 0s
  4050K .......... .......... .......... .......... .......... 92%  538M 0s
  4100K .......... .......... .......... .......... .......... 94%  459M 0s
  4150K .......... .......... .......... .......... .......... 95%  582M 0s
  4200K .......... .......... .......... .......... .......... 96%  473M 0s
  4250K .......... .......... .......... .......... .......... 97%  638M 0s
  4300K .......... .......... .......... .......... .......... 98%  579M 0s
  4350K .......... .......... .......... .......... .......... 99%  436M 0s
  4400K .......... .                                          100% 20.5T=0.3s

2026-08-20 14:35:14 (13.5 MB/s) - '/tmp/slackpkg.Py7yM6/extra-MANIFEST.bz2' saved [4516879/4516879]

			Downloading https://mirrors.kernel.org/slackware/slackware64-15.0/pasture/MANIFEST.bz2...
--2026-08-20 14:35:14--  https://mirrors.kernel.org/slackware/slackware64-15.0/pasture/MANIFEST.bz2
Resolving mirrors.kernel.org (mirrors.kernel.org)... 142.0.200.124, 2605:f480:58:1:0:1994:3:14
Connecting to mirrors.kernel.org (mirrors.kernel.org)|142.0.200.124|:443... connected.
HTTP request sent, awaiting response... 200 OK
Length: 210060 (205K) [application/x-bzip2]
Saving to: '/tmp/slackpkg.Py7yM6/pasture-MANIFEST.bz2'

     0K .......... .......... .......... .......... .......... 24% 3.65M 0s
    50K .......... .......... .......... .......... .......... 48% 3.61M 0s
   100K .......... .......... .......... .......... .......... 73%  556M 0s
   150K .......... .......... .......... .......... .......... 97% 3.64M 0s
   200K .....                                                 100% 9.57T=0.04s

2026-08-20 14:35:14 (4.96 MB/s) - '/tmp/slackpkg.Py7yM6/pasture-MANIFEST.bz2' saved [210060/210060]

			Downloading https://mirrors.kernel.org/slackware/slackware64-15.0/testing/MANIFEST.bz2...
--2026-08-20 14:35:14--  https://mirrors.kernel.org/slackware/slackware64-15.0/testing/MANIFEST.bz2
Resolving mirrors.kernel.org (mirrors.kernel.org)... 142.0.200.124, 2605:f480:58:1:0:1994:3:14
Connecting to mirrors.kernel.org (mirrors.kernel.org)|142.0.200.124|:443... connected.
HTTP request sent, awaiting response... 200 OK
Length: 5013528 (4.8M) [application/x-bzip2]
Saving to: '/tmp/slackpkg.Py7yM6/testing-MANIFEST.bz2'

     0K .......... .......... .......... .......... ..........  1% 3.59M 1s
    50K .......... .......... .......... .......... ..........  2% 53.8K 45s
   100K .......... .......... .......... .......... ..........  3% 3.50M 30s
   150K .......... .......... .......... .......... ..........  4% 3.59M 23s
   200K .......... .......... .......... .......... ..........  5% 38.3K 42s
   250K .......... .......... .......... .......... ..........  6% 1.79M 35s
   300K .......... .......... .......... .......... ..........  7% 3.58M 30s
   350K .......... .......... .......... .......... ..........  8% 3.57M 26s
   400K .......... .......... .......... .......... ..........  9%  286M 23s
   450K .......... .......... .......... .......... .......... 10% 1.30M 21s
   500K .......... .......... .......... .......... .......... 11% 3.56M 19s
   550K .......... .......... .......... .......... .......... 12%  417M 17s
   600K .......... .......... .......... .......... .......... 13%  537M 16s
   650K .......... .......... .......... .......... .......... 14% 3.61M 14s
   700K .......... .......... .......... .......... .......... 15%  312M 13s
   750K .......... .......... .......... .......... .......... 16% 3.67M 12s
   800K .......... .......... .......... .......... .......... 17%  148M 11s
   850K .......... .......... .......... .......... .......... 18%  422M 11s
   900K .......... .......... .......... .......... .......... 19%  533M 10s
   950K .......... .......... .......... .......... .......... 20% 3.69M 9s
  1000K .......... .......... .......... .......... .......... 21%  290M 9s
  1050K .......... .......... .......... .......... .......... 22%  606M 8s
  1100K .......... .......... .......... .......... .......... 23% 3.63M 8s
  1150K .......... .......... .......... .......... .......... 24%  129M 8s
  1200K .......... .......... .......... .......... .......... 25%  574M 7s
  1250K .......... .......... .......... .......... .......... 26%  525M 7s
  1300K .......... .......... .......... .......... .......... 27%  606M 6s
  1350K .......... .......... .......... .......... .......... 28%  489M 6s
  1400K .......... .......... .......... .......... .......... 29% 3.83M 6s
  1450K .......... .......... .......... .......... .......... 30% 95.4M 6s
  1500K .......... .......... .......... .......... .......... 31%  156M 5s
  1550K .......... .......... .......... .......... .......... 32%  193M 5s
  1600K .......... .......... .......... .......... .......... 33%  850M 5s
  1650K .......... .......... .......... .......... .......... 34% 3.94M 5s
  1700K .......... .......... .......... .......... .......... 35%  265M 4s
  1750K .......... .......... .......... .......... .......... 36%  106M 4s
  1800K .......... .......... .......... .......... .......... 37%  148M 4s
  1850K .......... .......... .......... .......... .......... 38%  336M 4s
  1900K .......... .......... .......... .......... .......... 39%  243M 4s
  1950K .......... .......... .......... .......... .......... 40%  201M 4s
  2000K .......... .......... .......... .......... .......... 41%  560M 3s
  2050K .......... .......... .......... .......... .......... 42%  369M 3s
  2100K .......... .......... .......... .......... .......... 43%  404M 3s
  2150K .......... .......... .......... .......... .......... 44%  599M 3s
  2200K .......... .......... .......... .......... .......... 45% 4.20M 3s
  2250K .......... .......... .......... .......... .......... 46%  104M 3s
  2300K .......... .......... .......... .......... .......... 47%  134M 3s
  2350K .......... .......... .......... .......... .......... 49%  214M 3s
  2400K .......... .......... .......... .......... .......... 50%  247M 2s
  2450K .......... .......... .......... .......... .......... 51%  330M 2s
  2500K .......... .......... .......... .......... .......... 52%  212M 2s
  2550K .......... .......... .......... .......... .......... 53% 4.06M 2s
  2600K .......... .......... .......... .......... .......... 54%  346M 2s
  2650K .......... .......... .......... .......... .......... 55%  556M 2s
  2700K .......... .......... .......... .......... .......... 56%  607M 2s
  2750K .......... .......... .......... .......... .......... 57%  384M 2s
  2800K .......... .......... .......... .......... .......... 58%  595M 2s
  2850K .......... .......... .......... .......... .......... 59%  466M 2s
  2900K .......... .......... .......... .......... .......... 60%  635M 2s
  2950K .......... .......... .......... .......... .......... 61%  662M 2s
  3000K .......... .......... .......... .......... .......... 62%  523M 2s
  3050K .......... .......... .......... .......... .......... 63%  533M 1s
  3100K .......... .......... .......... .......... .......... 64%  591M 1s
  3150K .......... .......... .......... .......... .......... 65%  391M 1s
  3200K .......... .......... .......... .......... .......... 66%  629M 1s
  3250K .......... .......... .......... .......... .......... 67%  532M 1s
  3300K .......... .......... .......... .......... .......... 68%  560M 1s
  3350K .......... .......... .......... .......... .......... 69%  649M 1s
  3400K .......... .......... .......... .......... .......... 70%  630M 1s
  3450K .......... .......... .......... .......... .......... 71%  532M 1s
  3500K .......... .......... .......... .......... .......... 72%  539M 1s
  3550K .......... .......... .......... .......... .......... 73%  517M 1s
  3600K .......... .......... .......... .......... .......... 74% 4.09M 1s
  3650K .......... .......... .......... .......... .......... 75%  381M 1s
  3700K .......... .......... .......... .......... .......... 76%  548M 1s
  3750K .......... .......... .......... .......... .......... 77%  386M 1s
  3800K .......... .......... .......... .......... .......... 78%  483M 1s
  3850K .......... .......... .......... .......... .......... 79%  670M 1s
  3900K .......... .......... .......... .......... .......... 80%  656M 1s
  3950K .......... .......... .......... .......... .......... 81%  366M 1s
  4000K .......... .......... .......... .......... .......... 82%  585M 1s
  4050K .......... .......... .......... .......... .......... 83%  626M 0s
  4100K .......... .......... .......... .......... .......... 84%  383M 0s
  4150K .......... .......... .......... .......... .......... 85%  517M 0s
  4200K .......... .......... .......... .......... .......... 86%  253M 0s
  4250K .......... .......... .......... .......... .......... 87%  331M 0s
  4300K .......... .......... .......... .......... .......... 88%  514M 0s
  4350K .......... .......... .......... .......... .......... 89%  402M 0s
  4400K .......... .......... .......... .......... .......... 90%  510M 0s
  4450K .......... .......... .......... .......... .......... 91%  498M 0s
  4500K .......... .......... .......... .......... .......... 92%  600M 0s
  4550K .......... .......... .......... .......... .......... 93%  585M 0s
  4600K .......... .......... .......... .......... .......... 94% 4.17M 0s
  4650K .......... .......... .......... .......... .......... 95%  456M 0s
  4700K .......... .......... .......... .......... .......... 97%  353M 0s
  4750K .......... .......... .......... .......... .......... 98%  353M 0s
  4800K .......... .......... .......... .......... .......... 99%  683M 0s
  4850K .......... .......... .......... .......... ......    100%  550M=2.5s

2026-08-20 14:35:19 (1.90 MB/s) - '/tmp/slackpkg.Py7yM6/testing-MANIFEST.bz2' saved [5013528/5013528]

		Checksums
			Downloading https://mirrors.kernel.org/slackware/slackware64-15.0/CHECKSUMS.md5...
--2026-08-20 14:35:19--  https://mirrors.kernel.org/slackware/slackware64-15.0/CHECKSUMS.md5
Resolving mirrors.kernel.org (mirrors.kernel.org)... 142.0.200.124, 2605:f480:58:1:0:1994:3:14
Connecting to mirrors.kernel.org (mirrors.kernel.org)|142.0.200.124|:443... connected.
HTTP request sent, awaiting response... 200 OK
Length: 1451105 (1.4M) [text/plain]
Saving to: '/tmp/slackpkg.Py7yM6/CHECKSUMS.md5'

     0K .......... .......... .......... .......... ..........  3% 3.57M 0s
    50K .......... .......... .......... .......... ..........  7% 71.7K 9s
   100K .......... .......... .......... .......... .......... 10% 3.52M 6s
   150K .......... .......... .......... .......... .......... 14% 3.36M 5s
   200K .......... .......... .......... .......... .......... 17% 85.3K 6s
   250K .......... .......... .......... .......... .......... 21% 3.10M 5s
   300K .......... .......... .......... .......... .......... 24% 3.53M 4s
   350K .......... .......... .......... .......... .......... 28%  304M 3s
   400K .......... .......... .......... .......... .......... 31% 70.5K 4s
   450K .......... .......... .......... .......... .......... 35% 3.52M 4s
   500K .......... .......... .......... .......... .......... 38% 3.60M 3s
   550K .......... .......... .......... .......... .......... 42%  277M 3s
   600K .......... .......... .......... .......... .......... 45%  320M 2s
   650K .......... .......... .......... .......... .......... 49% 3.61M 2s
   700K .......... .......... .......... .......... .......... 52%  421M 2s
   750K .......... .......... .......... .......... .......... 56%  246M 2s
   800K .......... .......... .......... .......... .......... 59%  145K 2s
   850K .......... .......... .......... .......... .......... 63%  314M 1s
   900K .......... .......... .......... .......... .......... 67%  452M 1s
   950K .......... .......... .......... .......... .......... 70%  584M 1s
  1000K .......... .......... .......... .......... .......... 74%  751M 1s
  1050K .......... .......... .......... .......... .......... 77% 3.66M 1s
  1100K .......... .......... .......... .......... .......... 81%  168M 1s
  1150K .......... .......... .......... .......... .......... 84%  399M 0s
  1200K .......... .......... .......... .......... .......... 88%  605M 0s
  1250K .......... .......... .......... .......... .......... 91% 3.62M 0s
  1300K .......... .......... .......... .......... .......... 95%  720M 0s
  1350K .......... .......... .......... .......... .......... 98%  879M 0s
  1400K .......... .......                                    100%  647M=2.5s

2026-08-20 14:35:21 (572 KB/s) - '/tmp/slackpkg.Py7yM6/CHECKSUMS.md5' saved [1451105/1451105]

			Downloading https://mirrors.kernel.org/slackware/slackware64-15.0/CHECKSUMS.md5.asc...
--2026-08-20 14:35:21--  https://mirrors.kernel.org/slackware/slackware64-15.0/CHECKSUMS.md5.asc
Resolving mirrors.kernel.org (mirrors.kernel.org)... 142.0.200.124, 2605:f480:58:1:0:1994:3:14
Connecting to mirrors.kernel.org (mirrors.kernel.org)|142.0.200.124|:443... connected.
HTTP request sent, awaiting response... 200 OK
Length: 232 [text/plain]
Saving to: '/tmp/slackpkg.Py7yM6/CHECKSUMS.md5.asc'

     0K                                                       100%  553M=0s

2026-08-20 14:35:21 (553 MB/s) - '/tmp/slackpkg.Py7yM6/CHECKSUMS.md5.asc' saved [232/232]

		Package List
			Downloading https://mirrors.kernel.org/slackware/slackware64-15.0/FILELIST.TXT...
--2026-08-20 14:35:21--  https://mirrors.kernel.org/slackware/slackware64-15.0/FILELIST.TXT
Resolving mirrors.kernel.org (mirrors.kernel.org)... 142.0.200.124, 2605:f480:58:1:0:1994:3:14
Connecting to mirrors.kernel.org (mirrors.kernel.org)|142.0.200.124|:443... connected.
HTTP request sent, awaiting response... 200 OK
Length: 1897228 (1.8M) [text/plain]
Saving to: '/tmp/slackpkg.Py7yM6/FILELIST.TXT'

     0K .......... .......... .......... .......... ..........  2% 3.58M 0s
    50K .......... .......... .......... .......... ..........  5% 3.65M 0s
   100K .......... .......... .......... .......... ..........  8%  103M 0s
   150K .......... .......... .......... .......... .......... 10% 3.63M 0s
   200K .......... .......... .......... .......... .......... 13%  447M 0s
   250K .......... .......... .......... .......... .......... 16% 3.60M 0s
   300K .......... .......... .......... .......... .......... 18%  382M 0s
   350K .......... .......... .......... .......... .......... 21% 3.60M 0s
   400K .......... .......... .......... .......... .......... 24%  352M 0s
   450K .......... .......... .......... .......... .......... 26%  805K 0s
   500K .......... .......... .......... .......... .......... 29%  149M 0s
   550K .......... .......... .......... .......... .......... 32%  556M 0s
   600K .......... .......... .......... .......... .......... 35% 3.69M 0s
   650K .......... .......... .......... .......... .......... 37%  332M 0s
   700K .......... .......... .......... .......... .......... 40% 15.9M 0s
   750K .......... .......... .......... .......... .......... 43%  130M 0s
   800K .......... .......... .......... .......... .......... 45% 4.56M 0s
   850K .......... .......... .......... .......... .......... 48% 19.4M 0s
   900K .......... .......... .......... .......... .......... 51%  293M 0s
   950K .......... .......... .......... .......... .......... 53%  155M 0s
  1000K .......... .......... .......... .......... .......... 56% 3.74M 0s
  1050K .......... .......... .......... .......... .......... 59%  264M 0s
  1100K .......... .......... .......... .......... .......... 62%  445M 0s
  1150K .......... .......... .......... .......... .......... 64% 36.7K 1s
  1200K .......... .......... .......... .......... .......... 67% 3.56M 1s
  1250K .......... .......... .......... .......... .......... 70%  430M 1s
  1300K .......... .......... .......... .......... .......... 72%  475M 1s
  1350K .......... .......... .......... .......... .......... 75% 3.61M 1s
  1400K .......... .......... .......... .......... .......... 78%  398M 0s
  1450K .......... .......... .......... .......... .......... 80%  683M 0s
  1500K .......... .......... .......... .......... .......... 83%  274M 0s
  1550K .......... .......... .......... .......... .......... 86% 3.68M 0s
  1600K .......... .......... .......... .......... .......... 89%  180M 0s
  1650K .......... .......... .......... .......... .......... 91%  260M 0s
  1700K .......... .......... .......... .......... .......... 94%  577M 0s
  1750K .......... .......... .......... .......... .......... 97%  516M 0s
  1800K .......... .......... .......... .......... .......... 99%  662M 0s
  1850K ..                                                    100% 5.14T=1.6s

2026-08-20 14:35:23 (1.15 MB/s) - '/tmp/slackpkg.Py7yM6/FILELIST.TXT' saved [1897228/1897228]

		Package descriptions
			Downloading https://mirrors.kernel.org/slackware/slackware64-15.0/patches/PACKAGES.TXT...
--2026-08-20 14:35:23--  https://mirrors.kernel.org/slackware/slackware64-15.0/patches/PACKAGES.TXT
Resolving mirrors.kernel.org (mirrors.kernel.org)... 142.0.200.124, 2605:f480:58:1:0:1994:3:14
Connecting to mirrors.kernel.org (mirrors.kernel.org)|142.0.200.124|:443... connected.
HTTP request sent, awaiting response... 200 OK
Length: 122707 (120K) [text/plain]
Saving to: '/tmp/slackpkg.Py7yM6/patches-PACKAGES.TXT'

     0K .......... .......... .......... .......... .......... 41% 3.64M 0s
    50K .......... .......... .......... .......... .......... 83% 3.64M 0s
   100K .......... .........                                  100%  397M=0.03s

2026-08-20 14:35:24 (4.35 MB/s) - '/tmp/slackpkg.Py7yM6/patches-PACKAGES.TXT' saved [122707/122707]

			Downloading https://mirrors.kernel.org/slackware/slackware64-15.0/slackware64/PACKAGES.TXT...
--2026-08-20 14:35:24--  https://mirrors.kernel.org/slackware/slackware64-15.0/slackware64/PACKAGES.TXT
Resolving mirrors.kernel.org (mirrors.kernel.org)... 142.0.200.124, 2605:f480:58:1:0:1994:3:14
Connecting to mirrors.kernel.org (mirrors.kernel.org)|142.0.200.124|:443... connected.
HTTP request sent, awaiting response... 200 OK
Length: 864745 (844K) [text/plain]
Saving to: '/tmp/slackpkg.Py7yM6/slackware64-PACKAGES.TXT'

     0K .......... .......... .......... .......... ..........  5% 3.42M 0s
    50K .......... .......... .......... .......... .......... 11% 91.2K 4s
   100K .......... .......... .......... .......... .......... 17% 3.59M 3s
   150K .......... .......... .......... .......... .......... 23% 3.69M 2s
   200K .......... .......... .......... .......... .......... 29% 1.22M 1s
   250K .......... .......... .......... .......... .......... 35%  475M 1s
   300K .......... .......... .......... .......... .......... 41% 3.62M 1s
   350K .......... .......... .......... .......... .......... 47% 3.66M 1s
   400K .......... .......... .......... .......... .......... 53%  299M 1s
   450K .......... .......... .......... .......... .......... 59%  200M 0s
   500K .......... .......... .......... .......... .......... 65%  370M 0s
   550K .......... .......... .......... .......... .......... 71% 3.77M 0s
   600K .......... .......... .......... .......... .......... 76%  172M 0s
   650K .......... .......... .......... .......... .......... 82%  183M 0s
   700K .......... .......... .......... .......... .......... 88%  279M 0s
   750K .......... .......... .......... .......... .......... 94% 3.82M 0s
   800K .......... .......... .......... .......... ....      100%  452M=0.7s

2026-08-20 14:35:25 (1.21 MB/s) - '/tmp/slackpkg.Py7yM6/slackware64-PACKAGES.TXT' saved [864745/864745]

			Downloading https://mirrors.kernel.org/slackware/slackware64-15.0/extra/PACKAGES.TXT...
--2026-08-20 14:35:25--  https://mirrors.kernel.org/slackware/slackware64-15.0/extra/PACKAGES.TXT
Resolving mirrors.kernel.org (mirrors.kernel.org)... 142.0.200.124, 2605:f480:58:1:0:1994:3:14
Connecting to mirrors.kernel.org (mirrors.kernel.org)|142.0.200.124|:443... connected.
HTTP request sent, awaiting response... 200 OK
Length: 40815 (40K) [text/plain]
Saving to: '/tmp/slackpkg.Py7yM6/extra-PACKAGES.TXT'

     0K .......... .......... .......... .........            100% 2.90M=0.01s

2026-08-20 14:35:25 (2.90 MB/s) - '/tmp/slackpkg.Py7yM6/extra-PACKAGES.TXT' saved [40815/40815]

			Downloading https://mirrors.kernel.org/slackware/slackware64-15.0/pasture/PACKAGES.TXT...
--2026-08-20 14:35:25--  https://mirrors.kernel.org/slackware/slackware64-15.0/pasture/PACKAGES.TXT
Resolving mirrors.kernel.org (mirrors.kernel.org)... 142.0.200.124, 2605:f480:58:1:0:1994:3:14
Connecting to mirrors.kernel.org (mirrors.kernel.org)|142.0.200.124|:443... connected.
HTTP request sent, awaiting response... 200 OK
Length: 2163 (2.1K) [text/plain]
Saving to: '/tmp/slackpkg.Py7yM6/pasture-PACKAGES.TXT'

     0K ..                                                    100% 1.83G=0s

2026-08-20 14:35:25 (1.83 GB/s) - '/tmp/slackpkg.Py7yM6/pasture-PACKAGES.TXT' saved [2163/2163]

			Downloading https://mirrors.kernel.org/slackware/slackware64-15.0/testing/PACKAGES.TXT...
--2026-08-20 14:35:25--  https://mirrors.kernel.org/slackware/slackware64-15.0/testing/PACKAGES.TXT
Resolving mirrors.kernel.org (mirrors.kernel.org)... 142.0.200.124, 2605:f480:58:1:0:1994:3:14
Connecting to mirrors.kernel.org (mirrors.kernel.org)|142.0.200.124|:443... connected.
HTTP request sent, awaiting response... 200 OK
Length: 22923 (22K) [text/plain]
Saving to: '/tmp/slackpkg.Py7yM6/testing-PACKAGES.TXT'

     0K .......... .......... ..                              100%  282M=0s

2026-08-20 14:35:25 (282 MB/s) - '/tmp/slackpkg.Py7yM6/testing-PACKAGES.TXT' saved [22923/22923]

	Formatting lists to slackpkg style...
		Package List: using CHECKSUMS.md5 as source
		Package descriptions


==== Instalando série Slackware: a ====

Looking for a in package list. Please wait... DONE

No packages match the pattern for install. Try:

	/usr/sbin/slackpkg reinstall|upgrade 



ERRO na linha 32 (status 20)

Filesystem      Size  Used Avail Use% Mounted on
overlay         145G   48G   98G  33% /
/dev/root       145G   48G   98G  33% /work
